I'm sorry, but errors were detected in your script. Please correct the
errors listed below, and try again.


File "game/script.rpy", line 76: choice menuitem expects a non-empty block.
    "Decide your going to go to the doctors after work today":
                                                              ^

Ren'Py Version: Ren'Py 6.99.13.2919
